[22:55:50] ===== Stream A 启动 =====
[22:55:50] a1_style_conflict: running 48 eps
[23:02:14] a1_style_conflict: done in 385s
[23:02:14] A1 style_conflict FAILED:
Traceback (most recent call last):
  File "/Users/ziqi/Projects/transplanted-histories/orchestrator/stream_a.py", line 450, in <module>
    fn()
  File "/Users/ziqi/Projects/transplanted-histories/orchestrator/stream_a.py", line 156, in a1
    avg = {k: sum(f[k] for f in fs) / len(fs) for k in fs[0]}
IndexError: list index out of range

[23:02:14] a2_book_profiles: running 16 eps
[23:04:57] a2_book_profiles: done in 163s
[23:04:57] a2_cross_domain: running 16 eps
[23:08:05] a2_cross_domain: done in 188s
[23:08:05] A2 cross_domain FAILED:
Traceback (most recent call last):
  File "/Users/ziqi/Projects/transplanted-histories/orchestrator/stream_a.py", line 450, in <module>
    fn()
  File "/Users/ziqi/Projects/transplanted-histories/orchestrator/stream_a.py", line 202, in a2
    avg = {k: sum(f[k] for f in fs) / len(fs) for k in fs[0]}
IndexError: list index out of range

[23:08:05] a3_tenure: running 24 eps
[23:12:39] a3_tenure: done in 274s
[23:12:39] A3 tenure FAILED:
Traceback (most recent call last):
  File "/Users/ziqi/Projects/transplanted-histories/orchestrator/stream_a.py", line 450, in <module>
    fn()
  File "/Users/ziqi/Projects/transplanted-histories/orchestrator/stream_a.py", line 232, in a3
    avg = {kk: sum(f[kk] for f in fs) / len(fs) for kk in fs[0]}
IndexError: list index out of range

[23:12:39] a4_phase1: running 8 eps
[23:14:57] a4_phase1: done in 138s
[23:17:11] a4_phase2: running 12 eps
